---
source: tests/validate.rs
expression: output.stderr
---
gh_settings::config::parse

  x repository: unknown field `descriptoin`
   ,-[[CONFIG]:3:3]
 1 | version: 1
 2 | repository:
 3 |   descriptoin: x
   :   ^^^^^|^^^^^
   :        `-- unknown field
   `----
  help: did you mean `description`?
